***********************************************************************************************
***                                                                                         ***
***                                    LINK INFORMATION                                     ***
***                                                                                         ***
***********************************************************************************************

Linker version:

  SEGGER ARM Linker 4.44.2 compiled Apr 14 2025 16:05:48
  Copyright (c) 2017-2024 SEGGER Microcontroller GmbH    www.segger.com


***********************************************************************************************
***                                                                                         ***
***                                     MODULE SUMMARY                                      ***
***                                                                                         ***
***********************************************************************************************

Memory use by input file:

  Object File                                       RX Code     RO Data     RW Data     ZI Data
  ---------------------------------------------  ----------  ----------  ----------  ----------
  main.o                                              1 924           4          20            
  SEGGER_THUMB_Startup.o                                 20                                    
  STM32L432KC_FLASH.o                                    32                                    
  STM32L432KC_GPIO.o                                    500                                    
  STM32L432KC_RCC.o                                     160                                    
  stm32l432xx_Vectors.o                                 530                                    
  STM32L4xx_Startup.o                                    64                                    
  system_stm32l4xx.o                                    428          64           4            
  ---------------------------------------------  ----------  ----------  ----------  ----------
  Subtotal (8 objects)                                3 658          68          24            
  ---------------------------------------------  ----------  ----------  ----------  ----------
  libc_v7em_fpv4_sp_d16_hard_t_le_eabi_balanced.a
                                                        568                                    
  SEGGER_crtinit_v7em_fpv4_sp_d16_hard_t_le_eabi_balanced.a
                                                         56                                    
  ---------------------------------------------  ----------  ----------  ----------  ----------
  Subtotal (2 archives)                                 624                                    
  ---------------------------------------------  ----------  ----------  ----------  ----------
  Linker created (shared data, fills, blocks):                       48                   2 048
  =============================================  ==========  ==========  ==========  ==========
  Total:                                              4 282         116          24       2 048
  =============================================  ==========  ==========  ==========  ==========

Memory use by archive member:

  Archive member                                    RX Code     RO Data     RW Data     ZI Data
  ---------------------------------------------  ----------  ----------  ----------  ----------
  floatasmops_arm.o (libc_v7em_fpv4_sp_d16_hard_t_le_eabi_balanced.a)
                                                        568                                    
  SEGGER_crtinit.o (SEGGER_crtinit_v7em_fpv4_sp_d16_hard_t_le_eabi_balanced.a)
                                                         56                                    
  ---------------------------------------------  ----------  ----------  ----------  ----------
  Subtotal (2 members from 2 archives)                  624                                    
  Objects (8 files)                                   3 658          68          24            
  Linker created (shared data, fills, blocks):                       48                   2 048
  =============================================  ==========  ==========  ==========  ==========
  Total:                                              4 282         116          24       2 048
  =============================================  ==========  ==========  ==========  ==========

Memory use by linker:

  Description                                       RX Code     RO Data     RW Data     ZI Data
  ---------------------------------------------  ----------  ----------  ----------  ----------
  Initialization table                                               48                        
  Memory for block 'stack'                                                                2 048
  ---------------------------------------------  ----------  ----------  ----------  ----------
  Subtotal (linker created):                                         48                   2 048
  ---------------------------------------------  ----------  ----------  ----------  ----------
  Objects (8 files)                                   3 658          68          24            
  Archives (2 files)                                    624                                    
  =============================================  ==========  ==========  ==========  ==========
  Total:                                              4 282         116          24       2 048
  =============================================  ==========  ==========  ==========  ==========


***********************************************************************************************
***                                                                                         ***
***                                     SECTION DETAIL                                      ***
***                                                                                         ***
***********************************************************************************************

Sections by address:

  Range              Symbol or [section] Name         Size  Al  Init  Ac  Object File
  -----------------  -------------------------  ----------  --  ----  --  -----------
  08000000-0800018b  _vectors                          396  512
                                                                Code  RX  stm32l432xx_Vectors.o
  0800018c-0800019b  AHBPrescTable                      16   4  Cnst  RO  system_stm32l4xx.o
  0800019c-080001cb  MSIRangeTable                      48   4  Cnst  RO  system_stm32l4xx.o
  080001cc-08000223  SystemInit                         88   4  Code  RX  system_stm32l4xx.o
  08000224-08000377  SystemCoreClockUpdate             340   4  Code  RX  system_stm32l4xx.o
  08000378-0800037b  cnt_rst                             4   4  Cnst  RO  main.o
  0800037c-0800043b  dead_time_generator               192   4  Code  RX  main.o
  0800043c-080005c3  TIMERGPIOinit                     392   4  Code  RX  main.o
  080005c4-0800077b  TIM1PWMinit                       440   4  Code  RX  main.o
  0800077c-080007e3  tim_phase_shift                   104   4  Code  RX  main.o
  080007e4-0800080f  DMA1_Channel2_IRQHandler           44   4  Code  RX  main.o
  08000810-08000897  TIM15_PWM                         136   4  Code  RX  main.o
  08000898-08000903  initDMA2                          108   4  Code  RX  main.o
  08000904-08000a0b  main                              264   4  Code  RX  main.o
  08000a0c-08000a2b  configureFlash                     32   4  Code  RX  STM32L432KC_FLASH.o
  08000a2c-08000a7f  gpioEnable                         84   4  Code  RX  STM32L432KC_GPIO.o
  08000a80-08000ac7  gpioPortToBase                     72   4  Code  RX  STM32L432KC_GPIO.o
  08000ac8-08000b8f  pinMode                           200   4  Code  RX  STM32L432KC_GPIO.o
  08000b90-08000c03  configurePLL                      116   4  Code  RX  STM32L432KC_RCC.o
  08000c04-08000c2f  configureClock                     44   4  Code  RX  STM32L432KC_RCC.o
  08000c30-08000c43  _start                             20   4  Code  RX  SEGGER_THUMB_Startup.o
  08000c44-08000c6b  HardFault_Handler                  40   4  Code  RX  STM32L4xx_Startup.o
  08000c6c-08000e2f  __aeabi_ddiv                      452   4  Code  RX  floatasmops_arm.o (libc_v7em_fpv4_sp_d16_hard_t_le_eabi_balanced.a)
  08000e30-08000e53  __aeabi_d2uiz                      36   4  Code  RX  floatasmops_arm.o (libc_v7em_fpv4_sp_d16_hard_t_le_eabi_balanced.a)
  08000e54-08000e6f  __aeabi_ui2d                       28   4  Code  RX  floatasmops_arm.o (libc_v7em_fpv4_sp_d16_hard_t_le_eabi_balanced.a)
  08000e70-08000ea3  __aeabi_f2d                        52   4  Code  RX  floatasmops_arm.o (libc_v7em_fpv4_sp_d16_hard_t_le_eabi_balanced.a)
  08000ea4-08000eb1  gpioPinToPort                      14   2  Code  RX  STM32L432KC_GPIO.o
  08000eb2-08000ecf  gpioPinToBase                      30   2  Code  RX  STM32L432KC_GPIO.o
  08000ed0-08000ed1  NMI_Handler                         2   2  Code  RX  stm32l432xx_Vectors.o
  08000ed2-08000ed3  MemManage_Handler                   2   2  Code  RX  stm32l432xx_Vectors.o
  08000ed4-08000ed5  BusFault_Handler                    2   2  Code  RX  stm32l432xx_Vectors.o
  08000ed6-08000ed7  UsageFault_Handler                  2   2  Code  RX  stm32l432xx_Vectors.o
  08000ed8-08000ed9  SVC_Handler                         2   2  Code  RX  stm32l432xx_Vectors.o
  08000eda-08000edb  DebugMon_Handler                    2   2  Code  RX  stm32l432xx_Vectors.o
  08000edc-08000edd  PendSV_Handler                      2   2  Code  RX  stm32l432xx_Vectors.o
  08000ede-08000edf  SysTick_Handler                     2   2  Code  RX  stm32l432xx_Vectors.o
  08000ee0-08000ee1  WWDG_IRQHandler                     2   2  Code  RX  stm32l432xx_Vectors.o
  08000ee2-08000ee3  PVD_PVM_IRQHandler                  2   2  Code  RX  stm32l432xx_Vectors.o
  08000ee4-08000ee5  TAMP_STAMP_IRQHandler               2   2  Code  RX  stm32l432xx_Vectors.o
  08000ee6-08000ee7  RTC_WKUP_IRQHandler                 2   2  Code  RX  stm32l432xx_Vectors.o
  08000ee8-08000ee9  FLASH_IRQHandler                    2   2  Code  RX  stm32l432xx_Vectors.o
  08000eea-08000eeb  RCC_IRQHandler                      2   2  Code  RX  stm32l432xx_Vectors.o
  08000eec-08000eed  EXTI0_IRQHandler                    2   2  Code  RX  stm32l432xx_Vectors.o
  08000eee-08000eef  EXTI1_IRQHandler                    2   2  Code  RX  stm32l432xx_Vectors.o
  08000ef0-08000ef1  EXTI2_IRQHandler                    2   2  Code  RX  stm32l432xx_Vectors.o
  08000ef2-08000ef3  EXTI3_IRQHandler                    2   2  Code  RX  stm32l432xx_Vectors.o
  08000ef4-08000ef5  EXTI4_IRQHandler                    2   2  Code  RX  stm32l432xx_Vectors.o
  08000ef6-08000ef7  DMA1_Channel1_IRQHandler            2   2  Code  RX  stm32l432xx_Vectors.o
  08000ef8-08000ef9  DMA1_Channel3_IRQHandler            2   2  Code  RX  stm32l432xx_Vectors.o
  08000efa-08000efb  DMA1_Channel4_IRQHandler            2   2  Code  RX  stm32l432xx_Vectors.o
  08000efc-08000efd  DMA1_Channel5_IRQHandler            2   2  Code  RX  stm32l432xx_Vectors.o
  08000efe-08000eff  DMA1_Channel6_IRQHandler            2   2  Code  RX  stm32l432xx_Vectors.o
  08000f00-08000f01  DMA1_Channel7_IRQHandler            2   2  Code  RX  stm32l432xx_Vectors.o
  08000f02-08000f03  ADC1_IRQHandler                     2   2  Code  RX  stm32l432xx_Vectors.o
  08000f04-08000f05  CAN1_TX_IRQHandler                  2   2  Code  RX  stm32l432xx_Vectors.o
  08000f06-08000f07  CAN1_RX0_IRQHandler                 2   2  Code  RX  stm32l432xx_Vectors.o
  08000f08-08000f09  CAN1_RX1_IRQHandler                 2   2  Code  RX  stm32l432xx_Vectors.o
  08000f0a-08000f0b  CAN1_SCE_IRQHandler                 2   2  Code  RX  stm32l432xx_Vectors.o
  08000f0c-08000f0d  EXTI9_5_IRQHandler                  2   2  Code  RX  stm32l432xx_Vectors.o
  08000f0e-08000f0f  TIM1_BRK_TIM15_IRQHandler           2   2  Code  RX  stm32l432xx_Vectors.o
  08000f10-08000f11  TIM1_UP_TIM16_IRQHandler            2   2  Code  RX  stm32l432xx_Vectors.o
  08000f12-08000f13  TIM1_TRG_COM_IRQHandler             2   2  Code  RX  stm32l432xx_Vectors.o
  08000f14-08000f15  TIM1_CC_IRQHandler                  2   2  Code  RX  stm32l432xx_Vectors.o
  08000f16-08000f17  TIM2_IRQHandler                     2   2  Code  RX  stm32l432xx_Vectors.o
  08000f18-08000f19  I2C1_EV_IRQHandler                  2   2  Code  RX  stm32l432xx_Vectors.o
  08000f1a-08000f1b  I2C1_ER_IRQHandler                  2   2  Code  RX  stm32l432xx_Vectors.o
  08000f1c-08000f1d  SPI1_IRQHandler                     2   2  Code  RX  stm32l432xx_Vectors.o
  08000f1e-08000f1f  USART1_IRQHandler                   2   2  Code  RX  stm32l432xx_Vectors.o
  08000f20-08000f21  USART2_IRQHandler                   2   2  Code  RX  stm32l432xx_Vectors.o
  08000f22-08000f23  EXTI15_10_IRQHandler                2   2  Code  RX  stm32l432xx_Vectors.o
  08000f24-08000f25  RTC_Alarm_IRQHandler                2   2  Code  RX  stm32l432xx_Vectors.o
  08000f26-08000f27  SPI3_IRQHandler                     2   2  Code  RX  stm32l432xx_Vectors.o
  08000f28-08000f29  TIM6_DAC_IRQHandler                 2   2  Code  RX  stm32l432xx_Vectors.o
  08000f2a-08000f2b  TIM7_IRQHandler                     2   2  Code  RX  stm32l432xx_Vectors.o
  08000f2c-08000f2d  DMA2_Channel1_IRQHandler            2   2  Code  RX  stm32l432xx_Vectors.o
  08000f2e-08000f2f  DMA2_Channel2_IRQHandler            2   2  Code  RX  stm32l432xx_Vectors.o
  08000f30-08000f31  DMA2_Channel3_IRQHandler            2   2  Code  RX  stm32l432xx_Vectors.o
  08000f32-08000f33  DMA2_Channel4_IRQHandler            2   2  Code  RX  stm32l432xx_Vectors.o
  08000f34-08000f35  DMA2_Channel5_IRQHandler            2   2  Code  RX  stm32l432xx_Vectors.o
  08000f36-08000f37  COMP_IRQHandler                     2   2  Code  RX  stm32l432xx_Vectors.o
  08000f38-08000f39  LPTIM1_IRQHandler                   2   2  Code  RX  stm32l432xx_Vectors.o
  08000f3a-08000f3b  LPTIM2_IRQHandler                   2   2  Code  RX  stm32l432xx_Vectors.o
  08000f3c-08000f3d  USB_IRQHandler                      2   2  Code  RX  stm32l432xx_Vectors.o
  08000f3e-08000f3f  DMA2_Channel6_IRQHandler            2   2  Code  RX  stm32l432xx_Vectors.o
  08000f40-08000f41  DMA2_Channel7_IRQHandler            2   2  Code  RX  stm32l432xx_Vectors.o
  08000f42-08000f43  LPUART1_IRQHandler                  2   2  Code  RX  stm32l432xx_Vectors.o
  08000f44-08000f45  QUADSPI_IRQHandler                  2   2  Code  RX  stm32l432xx_Vectors.o
  08000f46-08000f47  I2C3_EV_IRQHandler                  2   2  Code  RX  stm32l432xx_Vectors.o
  08000f48-08000f49  I2C3_ER_IRQHandler                  2   2  Code  RX  stm32l432xx_Vectors.o
  08000f4a-08000f4b  SAI1_IRQHandler                     2   2  Code  RX  stm32l432xx_Vectors.o
  08000f4c-08000f4d  SWPMI1_IRQHandler                   2   2  Code  RX  stm32l432xx_Vectors.o
  08000f4e-08000f4f  TSC_IRQHandler                      2   2  Code  RX  stm32l432xx_Vectors.o
  08000f50-08000f51  RNG_IRQHandler                      2   2  Code  RX  stm32l432xx_Vectors.o
  08000f52-08000f53  FPU_IRQHandler                      2   2  Code  RX  stm32l432xx_Vectors.o
  08000f54-08000f55  CRS_IRQHandler                      2   2  Code  RX  stm32l432xx_Vectors.o
  08000f56-08000f8d  tim_compute_edge                   56   2  Code  RX  main.o
  08000f8e-08001049  TIM2Init                          188   2  Code  RX  main.o
  0800104a-08001059  gpioPinOffset                      16   2  Code  RX  STM32L432KC_GPIO.o
  0800105a-080010ad  digitalWrite                       84   2  Code  RX  STM32L432KC_GPIO.o
  080010ae-080010c5  reset_handler                      24   2  Code  RX  STM32L4xx_Startup.o
  080010c6-080010c7  ( UNUSED .=.+2 )                    2   -  ----  -   -
  080010c8-080010cb  [.init_array]                       4   4  ----  --  STM32L4xx_Startup.o
  080010cc-080010ef  __SEGGER_init_ctors                36   4  Code  RX  SEGGER_crtinit.o (SEGGER_crtinit_v7em_fpv4_sp_d16_hard_t_le_eabi_balanced.a)
  080010f0-08001107  __SEGGER_init_table__              24   4  Cnst  RO  [ Linker created ]
  08001108-0800111f  __SEGGER_init_data__               24   4  Cnst  RO  [ Linker created ]
  08001120-08001133  __SEGGER_init_copy                 20   2  Code  RX  SEGGER_crtinit.o (SEGGER_crtinit_v7em_fpv4_sp_d16_hard_t_le_eabi_balanced.a)
  08001134-0fffffff  ( UNUSED .=.+134213324 )   134 213 324
                                                             -  ----  -   -
  10000000-10000003  phase_deg                           4   4  Init  RW  main.o
  10000004-10000007  SystemCoreClock                     4   4  Init  RW  system_stm32l4xx.o
  10000008-1000000b  PHASE2_DEG                          4   4  Init  RW  main.o
  1000000c-1000000f  F_TIM_HZ                            4   4  Init  RW  main.o
  10000010-10000013  F_PWM_HZ                            4   4  Init  RW  main.o
  10000014-10000017  DT_us                               4   4  Init  RW  main.o
  10000018-2000b7ff  ( UNUSED .=.+268482536 )   268 482 536
                                                             -  ----  -   -
  2000b800-2000bfff  [.bss.block.stack]              2 048   8  None  ZI  [ Linker created ]


***********************************************************************************************
***                                                                                         ***
***                                       SYMBOL LIST                                       ***
***                                                                                         ***
***********************************************************************************************

Function symbols by name:

  Symbol name                   Address        Size  Align  Type  Bd  Object File
  -------------------------  ----------  ----------  -----  ----  --  -----------
  ADC1_IRQHandler            0x08000F03                  2  Code  Wk  stm32l432xx_Vectors.o
  BusFault_Handler           0x08000ED5                  2  Code  Wk  stm32l432xx_Vectors.o
  CAN1_RX0_IRQHandler        0x08000F07                  2  Code  Wk  stm32l432xx_Vectors.o
  CAN1_RX1_IRQHandler        0x08000F09                  2  Code  Wk  stm32l432xx_Vectors.o
  CAN1_SCE_IRQHandler        0x08000F0B                  2  Code  Wk  stm32l432xx_Vectors.o
  CAN1_TX_IRQHandler         0x08000F05                  2  Code  Wk  stm32l432xx_Vectors.o
  COMP_IRQHandler            0x08000F37                  2  Code  Wk  stm32l432xx_Vectors.o
  CRS_IRQHandler             0x08000F55                  2  Code  Wk  stm32l432xx_Vectors.o
  DMA1_Channel1_IRQHandler   0x08000EF7                  2  Code  Wk  stm32l432xx_Vectors.o
  DMA1_Channel2_IRQHandler   0x080007E5          44      4  Code  Gb  main.o
  DMA1_Channel3_IRQHandler   0x08000EF9                  2  Code  Wk  stm32l432xx_Vectors.o
  DMA1_Channel4_IRQHandler   0x08000EFB                  2  Code  Wk  stm32l432xx_Vectors.o
  DMA1_Channel5_IRQHandler   0x08000EFD                  2  Code  Wk  stm32l432xx_Vectors.o
  DMA1_Channel6_IRQHandler   0x08000EFF                  2  Code  Wk  stm32l432xx_Vectors.o
  DMA1_Channel7_IRQHandler   0x08000F01                  2  Code  Wk  stm32l432xx_Vectors.o
  DMA2_Channel1_IRQHandler   0x08000F2D                  2  Code  Wk  stm32l432xx_Vectors.o
  DMA2_Channel2_IRQHandler   0x08000F2F                  2  Code  Wk  stm32l432xx_Vectors.o
  DMA2_Channel3_IRQHandler   0x08000F31                  2  Code  Wk  stm32l432xx_Vectors.o
  DMA2_Channel4_IRQHandler   0x08000F33                  2  Code  Wk  stm32l432xx_Vectors.o
  DMA2_Channel5_IRQHandler   0x08000F35                  2  Code  Wk  stm32l432xx_Vectors.o
  DMA2_Channel6_IRQHandler   0x08000F3F                  2  Code  Wk  stm32l432xx_Vectors.o
  DMA2_Channel7_IRQHandler   0x08000F41                  2  Code  Wk  stm32l432xx_Vectors.o
  DebugMon_Handler           0x08000EDB                  2  Code  Wk  stm32l432xx_Vectors.o
  EXTI0_IRQHandler           0x08000EED                  2  Code  Wk  stm32l432xx_Vectors.o
  EXTI15_10_IRQHandler       0x08000F23                  2  Code  Wk  stm32l432xx_Vectors.o
  EXTI1_IRQHandler           0x08000EEF                  2  Code  Wk  stm32l432xx_Vectors.o
  EXTI2_IRQHandler           0x08000EF1                  2  Code  Wk  stm32l432xx_Vectors.o
  EXTI3_IRQHandler           0x08000EF3                  2  Code  Wk  stm32l432xx_Vectors.o
  EXTI4_IRQHandler           0x08000EF5                  2  Code  Wk  stm32l432xx_Vectors.o
  EXTI9_5_IRQHandler         0x08000F0D                  2  Code  Wk  stm32l432xx_Vectors.o
  FLASH_IRQHandler           0x08000EE9                  2  Code  Wk  stm32l432xx_Vectors.o
  FPU_IRQHandler             0x08000F53                  2  Code  Wk  stm32l432xx_Vectors.o
  HardFault_Handler          0x08000C45                  4  Code  Wk  STM32L4xx_Startup.o
  I2C1_ER_IRQHandler         0x08000F1B                  2  Code  Wk  stm32l432xx_Vectors.o
  I2C1_EV_IRQHandler         0x08000F19                  2  Code  Wk  stm32l432xx_Vectors.o
  I2C3_ER_IRQHandler         0x08000F49                  2  Code  Wk  stm32l432xx_Vectors.o
  I2C3_EV_IRQHandler         0x08000F47                  2  Code  Wk  stm32l432xx_Vectors.o
  LPTIM1_IRQHandler          0x08000F39                  2  Code  Wk  stm32l432xx_Vectors.o
  LPTIM2_IRQHandler          0x08000F3B                  2  Code  Wk  stm32l432xx_Vectors.o
  LPUART1_IRQHandler         0x08000F43                  2  Code  Wk  stm32l432xx_Vectors.o
  MemManage_Handler          0x08000ED3                  2  Code  Wk  stm32l432xx_Vectors.o
  NMI_Handler                0x08000ED1                  2  Code  Wk  stm32l432xx_Vectors.o
  PVD_PVM_IRQHandler         0x08000EE3                  2  Code  Wk  stm32l432xx_Vectors.o
  PendSV_Handler             0x08000EDD                  2  Code  Wk  stm32l432xx_Vectors.o
  QUADSPI_IRQHandler         0x08000F45                  2  Code  Wk  stm32l432xx_Vectors.o
  RCC_IRQHandler             0x08000EEB                  2  Code  Wk  stm32l432xx_Vectors.o
  RNG_IRQHandler             0x08000F51                  2  Code  Wk  stm32l432xx_Vectors.o
  RTC_Alarm_IRQHandler       0x08000F25                  2  Code  Wk  stm32l432xx_Vectors.o
  RTC_WKUP_IRQHandler        0x08000EE7                  2  Code  Wk  stm32l432xx_Vectors.o
  Reset_Handler              0x080010AF                  2  Code  Gb  STM32L4xx_Startup.o
  SAI1_IRQHandler            0x08000F4B                  2  Code  Wk  stm32l432xx_Vectors.o
  SPI1_IRQHandler            0x08000F1D                  2  Code  Wk  stm32l432xx_Vectors.o
  SPI3_IRQHandler            0x08000F27                  2  Code  Wk  stm32l432xx_Vectors.o
  SVC_Handler                0x08000ED9                  2  Code  Wk  stm32l432xx_Vectors.o
  SWPMI1_IRQHandler          0x08000F4D                  2  Code  Wk  stm32l432xx_Vectors.o
  SysTick_Handler            0x08000EDF                  2  Code  Wk  stm32l432xx_Vectors.o
  SystemCoreClockUpdate      0x08000225         340      4  Code  Gb  system_stm32l4xx.o
  SystemInit                 0x080001CD          88      4  Code  Gb  system_stm32l4xx.o
  TAMP_STAMP_IRQHandler      0x08000EE5                  2  Code  Wk  stm32l432xx_Vectors.o
  TIM15_PWM                  0x08000811         136      4  Code  Gb  main.o
  TIM1PWMinit                0x080005C5         440      4  Code  Gb  main.o
  TIM1_BRK_TIM15_IRQHandler  0x08000F0F                  2  Code  Wk  stm32l432xx_Vectors.o
  TIM1_CC_IRQHandler         0x08000F15                  2  Code  Wk  stm32l432xx_Vectors.o
  TIM1_TRG_COM_IRQHandler    0x08000F13                  2  Code  Wk  stm32l432xx_Vectors.o
  TIM1_UP_TIM16_IRQHandler   0x08000F11                  2  Code  Wk  stm32l432xx_Vectors.o
  TIM2Init                   0x08000F8F         188      2  Code  Gb  main.o
  TIM2_IRQHandler            0x08000F17                  2  Code  Wk  stm32l432xx_Vectors.o
  TIM6_DAC_IRQHandler        0x08000F29                  2  Code  Wk  stm32l432xx_Vectors.o
  TIM7_IRQHandler            0x08000F2B                  2  Code  Wk  stm32l432xx_Vectors.o
  TIMERGPIOinit              0x0800043D         392      4  Code  Gb  main.o
  TSC_IRQHandler             0x08000F4F                  2  Code  Wk  stm32l432xx_Vectors.o
  USART1_IRQHandler          0x08000F1F                  2  Code  Wk  stm32l432xx_Vectors.o
  USART2_IRQHandler          0x08000F21                  2  Code  Wk  stm32l432xx_Vectors.o
  USB_IRQHandler             0x08000F3D                  2  Code  Wk  stm32l432xx_Vectors.o
  UsageFault_Handler         0x08000ED7                  2  Code  Wk  stm32l432xx_Vectors.o
  WWDG_IRQHandler            0x08000EE1                  2  Code  Wk  stm32l432xx_Vectors.o
  __SEGGER_init_copy         0x08001121          20      2  Code  Wk  SEGGER_crtinit.o (SEGGER_crtinit_v7em_fpv4_sp_d16_hard_t_le_eabi_balanced.a)
  __SEGGER_init_ctors        0x080010CD          26      4  Code  Wk  SEGGER_crtinit.o (SEGGER_crtinit_v7em_fpv4_sp_d16_hard_t_le_eabi_balanced.a)
  __SEGGER_init_done         0x08000C3B                  4  Code  Gb  SEGGER_THUMB_Startup.o
  __aeabi_d2uiz              0x08000E31          36      4  Code  Wk  floatasmops_arm.o (libc_v7em_fpv4_sp_d16_hard_t_le_eabi_balanced.a)
  __aeabi_ddiv               0x08000C6D         450      4  Code  Wk  floatasmops_arm.o (libc_v7em_fpv4_sp_d16_hard_t_le_eabi_balanced.a)
  __aeabi_f2d                0x08000E71          52      4  Code  Wk  floatasmops_arm.o (libc_v7em_fpv4_sp_d16_hard_t_le_eabi_balanced.a)
  __aeabi_ui2d               0x08000E55          28      4  Code  Wk  floatasmops_arm.o (libc_v7em_fpv4_sp_d16_hard_t_le_eabi_balanced.a)
  __startup_complete         0x08000C3B                  4  Code  Gb  SEGGER_THUMB_Startup.o
  _start                     0x08000C31          14      4  Code  Gb  SEGGER_THUMB_Startup.o
  configureClock             0x08000C05          44      4  Code  Gb  STM32L432KC_RCC.o
  configureFlash             0x08000A0D          32      4  Code  Gb  STM32L432KC_FLASH.o
  configurePLL               0x08000B91         116      4  Code  Gb  STM32L432KC_RCC.o
  dead_time_generator        0x0800037D         192      4  Code  Lc  main.o
  digitalWrite               0x0800105B          84      2  Code  Gb  STM32L432KC_GPIO.o
  exit                       0x08000C3F           2      4  Code  Gb  SEGGER_THUMB_Startup.o
  gpioEnable                 0x08000A2D          84      4  Code  Gb  STM32L432KC_GPIO.o
  gpioPinOffset              0x0800104B          16      2  Code  Gb  STM32L432KC_GPIO.o
  gpioPinToBase              0x08000EB3          30      2  Code  Gb  STM32L432KC_GPIO.o
  gpioPinToPort              0x08000EA5          14      2  Code  Gb  STM32L432KC_GPIO.o
  gpioPortToBase             0x08000A81          72      4  Code  Gb  STM32L432KC_GPIO.o
  initDMA2                   0x08000899         108      4  Code  Gb  main.o
  main                       0x08000905         264      4  Code  Gb  main.o
  pinMode                    0x08000AC9         198      4  Code  Gb  STM32L432KC_GPIO.o
  reset_handler              0x080010AF                  2  Code  Gb  STM32L4xx_Startup.o
  tim_compute_edge           0x08000F57          56      2  Code  Lc  main.o
  tim_phase_shift            0x0800077D         104      4  Code  Lc  main.o

Function symbols by address:

     Address  Symbol name                      Size  Align  Type  Bd  Object File
  ----------  -------------------------  ----------  -----  ----  --  -----------
  0x080001CD  SystemInit                         88      4  Code  Gb  system_stm32l4xx.o
  0x08000225  SystemCoreClockUpdate             340      4  Code  Gb  system_stm32l4xx.o
  0x0800037D  dead_time_generator               192      4  Code  Lc  main.o
  0x0800043D  TIMERGPIOinit                     392      4  Code  Gb  main.o
  0x080005C5  TIM1PWMinit                       440      4  Code  Gb  main.o
  0x0800077D  tim_phase_shift                   104      4  Code  Lc  main.o
  0x080007E5  DMA1_Channel2_IRQHandler           44      4  Code  Gb  main.o
  0x08000811  TIM15_PWM                         136      4  Code  Gb  main.o
  0x08000899  initDMA2                          108      4  Code  Gb  main.o
  0x08000905  main                              264      4  Code  Gb  main.o
  0x08000A0D  configureFlash                     32      4  Code  Gb  STM32L432KC_FLASH.o
  0x08000A2D  gpioEnable                         84      4  Code  Gb  STM32L432KC_GPIO.o
  0x08000A81  gpioPortToBase                     72      4  Code  Gb  STM32L432KC_GPIO.o
  0x08000AC9  pinMode                           198      4  Code  Gb  STM32L432KC_GPIO.o
  0x08000B91  configurePLL                      116      4  Code  Gb  STM32L432KC_RCC.o
  0x08000C05  configureClock                     44      4  Code  Gb  STM32L432KC_RCC.o
  0x08000C31  _start                             14      4  Code  Gb  SEGGER_THUMB_Startup.o
  0x08000C3B  __startup_complete                         4  Code  Gb  SEGGER_THUMB_Startup.o
  0x08000C3B  __SEGGER_init_done                         4  Code  Gb  SEGGER_THUMB_Startup.o
  0x08000C3F  exit                                2      4  Code  Gb  SEGGER_THUMB_Startup.o
  0x08000C45  HardFault_Handler                          4  Code  Wk  STM32L4xx_Startup.o
  0x08000C6D  __aeabi_ddiv                      450      4  Code  Wk  floatasmops_arm.o (libc_v7em_fpv4_sp_d16_hard_t_le_eabi_balanced.a)
  0x08000E31  __aeabi_d2uiz                      36      4  Code  Wk  floatasmops_arm.o (libc_v7em_fpv4_sp_d16_hard_t_le_eabi_balanced.a)
  0x08000E55  __aeabi_ui2d                       28      4  Code  Wk  floatasmops_arm.o (libc_v7em_fpv4_sp_d16_hard_t_le_eabi_balanced.a)
  0x08000E71  __aeabi_f2d                        52      4  Code  Wk  floatasmops_arm.o (libc_v7em_fpv4_sp_d16_hard_t_le_eabi_balanced.a)
  0x08000EA5  gpioPinToPort                      14      2  Code  Gb  STM32L432KC_GPIO.o
  0x08000EB3  gpioPinToBase                      30      2  Code  Gb  STM32L432KC_GPIO.o
  0x08000ED1  NMI_Handler                                2  Code  Wk  stm32l432xx_Vectors.o
  0x08000ED3  MemManage_Handler                          2  Code  Wk  stm32l432xx_Vectors.o
  0x08000ED5  BusFault_Handler                           2  Code  Wk  stm32l432xx_Vectors.o
  0x08000ED7  UsageFault_Handler                         2  Code  Wk  stm32l432xx_Vectors.o
  0x08000ED9  SVC_Handler                                2  Code  Wk  stm32l432xx_Vectors.o
  0x08000EDB  DebugMon_Handler                           2  Code  Wk  stm32l432xx_Vectors.o
  0x08000EDD  PendSV_Handler                             2  Code  Wk  stm32l432xx_Vectors.o
  0x08000EDF  SysTick_Handler                            2  Code  Wk  stm32l432xx_Vectors.o
  0x08000EE1  WWDG_IRQHandler                            2  Code  Wk  stm32l432xx_Vectors.o
  0x08000EE3  PVD_PVM_IRQHandler                         2  Code  Wk  stm32l432xx_Vectors.o
  0x08000EE5  TAMP_STAMP_IRQHandler                      2  Code  Wk  stm32l432xx_Vectors.o
  0x08000EE7  RTC_WKUP_IRQHandler                        2  Code  Wk  stm32l432xx_Vectors.o
  0x08000EE9  FLASH_IRQHandler                           2  Code  Wk  stm32l432xx_Vectors.o
  0x08000EEB  RCC_IRQHandler                             2  Code  Wk  stm32l432xx_Vectors.o
  0x08000EED  EXTI0_IRQHandler                           2  Code  Wk  stm32l432xx_Vectors.o
  0x08000EEF  EXTI1_IRQHandler                           2  Code  Wk  stm32l432xx_Vectors.o
  0x08000EF1  EXTI2_IRQHandler                           2  Code  Wk  stm32l432xx_Vectors.o
  0x08000EF3  EXTI3_IRQHandler                           2  Code  Wk  stm32l432xx_Vectors.o
  0x08000EF5  EXTI4_IRQHandler                           2  Code  Wk  stm32l432xx_Vectors.o
  0x08000EF7  DMA1_Channel1_IRQHandler                   2  Code  Wk  stm32l432xx_Vectors.o
  0x08000EF9  DMA1_Channel3_IRQHandler                   2  Code  Wk  stm32l432xx_Vectors.o
  0x08000EFB  DMA1_Channel4_IRQHandler                   2  Code  Wk  stm32l432xx_Vectors.o
  0x08000EFD  DMA1_Channel5_IRQHandler                   2  Code  Wk  stm32l432xx_Vectors.o
  0x08000EFF  DMA1_Channel6_IRQHandler                   2  Code  Wk  stm32l432xx_Vectors.o
  0x08000F01  DMA1_Channel7_IRQHandler                   2  Code  Wk  stm32l432xx_Vectors.o
  0x08000F03  ADC1_IRQHandler                            2  Code  Wk  stm32l432xx_Vectors.o
  0x08000F05  CAN1_TX_IRQHandler                         2  Code  Wk  stm32l432xx_Vectors.o
  0x08000F07  CAN1_RX0_IRQHandler                        2  Code  Wk  stm32l432xx_Vectors.o
  0x08000F09  CAN1_RX1_IRQHandler                        2  Code  Wk  stm32l432xx_Vectors.o
  0x08000F0B  CAN1_SCE_IRQHandler                        2  Code  Wk  stm32l432xx_Vectors.o
  0x08000F0D  EXTI9_5_IRQHandler                         2  Code  Wk  stm32l432xx_Vectors.o
  0x08000F0F  TIM1_BRK_TIM15_IRQHandler                  2  Code  Wk  stm32l432xx_Vectors.o
  0x08000F11  TIM1_UP_TIM16_IRQHandler                   2  Code  Wk  stm32l432xx_Vectors.o
  0x08000F13  TIM1_TRG_COM_IRQHandler                    2  Code  Wk  stm32l432xx_Vectors.o
  0x08000F15  TIM1_CC_IRQHandler                         2  Code  Wk  stm32l432xx_Vectors.o
  0x08000F17  TIM2_IRQHandler                            2  Code  Wk  stm32l432xx_Vectors.o
  0x08000F19  I2C1_EV_IRQHandler                         2  Code  Wk  stm32l432xx_Vectors.o
  0x08000F1B  I2C1_ER_IRQHandler                         2  Code  Wk  stm32l432xx_Vectors.o
  0x08000F1D  SPI1_IRQHandler                            2  Code  Wk  stm32l432xx_Vectors.o
  0x08000F1F  USART1_IRQHandler                          2  Code  Wk  stm32l432xx_Vectors.o
  0x08000F21  USART2_IRQHandler                          2  Code  Wk  stm32l432xx_Vectors.o
  0x08000F23  EXTI15_10_IRQHandler                       2  Code  Wk  stm32l432xx_Vectors.o
  0x08000F25  RTC_Alarm_IRQHandler                       2  Code  Wk  stm32l432xx_Vectors.o
  0x08000F27  SPI3_IRQHandler                            2  Code  Wk  stm32l432xx_Vectors.o
  0x08000F29  TIM6_DAC_IRQHandler                        2  Code  Wk  stm32l432xx_Vectors.o
  0x08000F2B  TIM7_IRQHandler                            2  Code  Wk  stm32l432xx_Vectors.o
  0x08000F2D  DMA2_Channel1_IRQHandler                   2  Code  Wk  stm32l432xx_Vectors.o
  0x08000F2F  DMA2_Channel2_IRQHandler                   2  Code  Wk  stm32l432xx_Vectors.o
  0x08000F31  DMA2_Channel3_IRQHandler                   2  Code  Wk  stm32l432xx_Vectors.o
  0x08000F33  DMA2_Channel4_IRQHandler                   2  Code  Wk  stm32l432xx_Vectors.o
  0x08000F35  DMA2_Channel5_IRQHandler                   2  Code  Wk  stm32l432xx_Vectors.o
  0x08000F37  COMP_IRQHandler                            2  Code  Wk  stm32l432xx_Vectors.o
  0x08000F39  LPTIM1_IRQHandler                          2  Code  Wk  stm32l432xx_Vectors.o
  0x08000F3B  LPTIM2_IRQHandler                          2  Code  Wk  stm32l432xx_Vectors.o
  0x08000F3D  USB_IRQHandler                             2  Code  Wk  stm32l432xx_Vectors.o
  0x08000F3F  DMA2_Channel6_IRQHandler                   2  Code  Wk  stm32l432xx_Vectors.o
  0x08000F41  DMA2_Channel7_IRQHandler                   2  Code  Wk  stm32l432xx_Vectors.o
  0x08000F43  LPUART1_IRQHandler                         2  Code  Wk  stm32l432xx_Vectors.o
  0x08000F45  QUADSPI_IRQHandler                         2  Code  Wk  stm32l432xx_Vectors.o
  0x08000F47  I2C3_EV_IRQHandler                         2  Code  Wk  stm32l432xx_Vectors.o
  0x08000F49  I2C3_ER_IRQHandler                         2  Code  Wk  stm32l432xx_Vectors.o
  0x08000F4B  SAI1_IRQHandler                            2  Code  Wk  stm32l432xx_Vectors.o
  0x08000F4D  SWPMI1_IRQHandler                          2  Code  Wk  stm32l432xx_Vectors.o
  0x08000F4F  TSC_IRQHandler                             2  Code  Wk  stm32l432xx_Vectors.o
  0x08000F51  RNG_IRQHandler                             2  Code  Wk  stm32l432xx_Vectors.o
  0x08000F53  FPU_IRQHandler                             2  Code  Wk  stm32l432xx_Vectors.o
  0x08000F55  CRS_IRQHandler                             2  Code  Wk  stm32l432xx_Vectors.o
  0x08000F57  tim_compute_edge                   56      2  Code  Lc  main.o
  0x08000F8F  TIM2Init                          188      2  Code  Gb  main.o
  0x0800104B  gpioPinOffset                      16      2  Code  Gb  STM32L432KC_GPIO.o
  0x0800105B  digitalWrite                       84      2  Code  Gb  STM32L432KC_GPIO.o
  0x080010AF  reset_handler                              2  Code  Gb  STM32L4xx_Startup.o
  0x080010AF  Reset_Handler                              2  Code  Gb  STM32L4xx_Startup.o
  0x080010CD  __SEGGER_init_ctors                26      4  Code  Wk  SEGGER_crtinit.o (SEGGER_crtinit_v7em_fpv4_sp_d16_hard_t_le_eabi_balanced.a)
  0x08001121  __SEGGER_init_copy                 20      2  Code  Wk  SEGGER_crtinit.o (SEGGER_crtinit_v7em_fpv4_sp_d16_hard_t_le_eabi_balanced.a)

Function symbols by descending size:

  Symbol name                      Size  Align  Type  Bd  Object File
  -------------------------  ----------  -----  ----  --  -----------
  __aeabi_ddiv                      450      4  Code  Wk  floatasmops_arm.o (libc_v7em_fpv4_sp_d16_hard_t_le_eabi_balanced.a)
  TIM1PWMinit                       440      4  Code  Gb  main.o
  TIMERGPIOinit                     392      4  Code  Gb  main.o
  SystemCoreClockUpdate             340      4  Code  Gb  system_stm32l4xx.o
  main                              264      4  Code  Gb  main.o
  pinMode                           198      4  Code  Gb  STM32L432KC_GPIO.o
  dead_time_generator               192      4  Code  Lc  main.o
  TIM2Init                          188      2  Code  Gb  main.o
  TIM15_PWM                         136      4  Code  Gb  main.o
  configurePLL                      116      4  Code  Gb  STM32L432KC_RCC.o
  initDMA2                          108      4  Code  Gb  main.o
  tim_phase_shift                   104      4  Code  Lc  main.o
  SystemInit                         88      4  Code  Gb  system_stm32l4xx.o
  digitalWrite                       84      2  Code  Gb  STM32L432KC_GPIO.o
  gpioEnable                         84      4  Code  Gb  STM32L432KC_GPIO.o
  gpioPortToBase                     72      4  Code  Gb  STM32L432KC_GPIO.o
  tim_compute_edge                   56      2  Code  Lc  main.o
  __aeabi_f2d                        52      4  Code  Wk  floatasmops_arm.o (libc_v7em_fpv4_sp_d16_hard_t_le_eabi_balanced.a)
  DMA1_Channel2_IRQHandler           44      4  Code  Gb  main.o
  configureClock                     44      4  Code  Gb  STM32L432KC_RCC.o
  __aeabi_d2uiz                      36      4  Code  Wk  floatasmops_arm.o (libc_v7em_fpv4_sp_d16_hard_t_le_eabi_balanced.a)
  configureFlash                     32      4  Code  Gb  STM32L432KC_FLASH.o
  gpioPinToBase                      30      2  Code  Gb  STM32L432KC_GPIO.o
  __aeabi_ui2d                       28      4  Code  Wk  floatasmops_arm.o (libc_v7em_fpv4_sp_d16_hard_t_le_eabi_balanced.a)
  __SEGGER_init_ctors                26      4  Code  Wk  SEGGER_crtinit.o (SEGGER_crtinit_v7em_fpv4_sp_d16_hard_t_le_eabi_balanced.a)
  __SEGGER_init_copy                 20      2  Code  Wk  SEGGER_crtinit.o (SEGGER_crtinit_v7em_fpv4_sp_d16_hard_t_le_eabi_balanced.a)
  gpioPinOffset                      16      2  Code  Gb  STM32L432KC_GPIO.o
  _start                             14      4  Code  Gb  SEGGER_THUMB_Startup.o
  gpioPinToPort                      14      2  Code  Gb  STM32L432KC_GPIO.o
  exit                                2      4  Code  Gb  SEGGER_THUMB_Startup.o
  ADC1_IRQHandler                            2  Code  Wk  stm32l432xx_Vectors.o
  BusFault_Handler                           2  Code  Wk  stm32l432xx_Vectors.o
  CAN1_RX0_IRQHandler                        2  Code  Wk  stm32l432xx_Vectors.o
  CAN1_RX1_IRQHandler                        2  Code  Wk  stm32l432xx_Vectors.o
  CAN1_SCE_IRQHandler                        2  Code  Wk  stm32l432xx_Vectors.o
  CAN1_TX_IRQHandler                         2  Code  Wk  stm32l432xx_Vectors.o
  COMP_IRQHandler                            2  Code  Wk  stm32l432xx_Vectors.o
  CRS_IRQHandler                             2  Code  Wk  stm32l432xx_Vectors.o
  DMA1_Channel1_IRQHandler                   2  Code  Wk  stm32l432xx_Vectors.o
  DMA1_Channel3_IRQHandler                   2  Code  Wk  stm32l432xx_Vectors.o
  DMA1_Channel4_IRQHandler                   2  Code  Wk  stm32l432xx_Vectors.o
  DMA1_Channel5_IRQHandler                   2  Code  Wk  stm32l432xx_Vectors.o
  DMA1_Channel6_IRQHandler                   2  Code  Wk  stm32l432xx_Vectors.o
  DMA1_Channel7_IRQHandler                   2  Code  Wk  stm32l432xx_Vectors.o
  DMA2_Channel1_IRQHandler                   2  Code  Wk  stm32l432xx_Vectors.o
  DMA2_Channel2_IRQHandler                   2  Code  Wk  stm32l432xx_Vectors.o
  DMA2_Channel3_IRQHandler                   2  Code  Wk  stm32l432xx_Vectors.o
  DMA2_Channel4_IRQHandler                   2  Code  Wk  stm32l432xx_Vectors.o
  DMA2_Channel5_IRQHandler                   2  Code  Wk  stm32l432xx_Vectors.o
  DMA2_Channel6_IRQHandler                   2  Code  Wk  stm32l432xx_Vectors.o
  DMA2_Channel7_IRQHandler                   2  Code  Wk  stm32l432xx_Vectors.o
  DebugMon_Handler                           2  Code  Wk  stm32l432xx_Vectors.o
  EXTI0_IRQHandler                           2  Code  Wk  stm32l432xx_Vectors.o
  EXTI15_10_IRQHandler                       2  Code  Wk  stm32l432xx_Vectors.o
  EXTI1_IRQHandler                           2  Code  Wk  stm32l432xx_Vectors.o
  EXTI2_IRQHandler                           2  Code  Wk  stm32l432xx_Vectors.o
  EXTI3_IRQHandler                           2  Code  Wk  stm32l432xx_Vectors.o
  EXTI4_IRQHandler                           2  Code  Wk  stm32l432xx_Vectors.o
  EXTI9_5_IRQHandler                         2  Code  Wk  stm32l432xx_Vectors.o
  FLASH_IRQHandler                           2  Code  Wk  stm32l432xx_Vectors.o
  FPU_IRQHandler                             2  Code  Wk  stm32l432xx_Vectors.o
  HardFault_Handler                          4  Code  Wk  STM32L4xx_Startup.o
  I2C1_ER_IRQHandler                         2  Code  Wk  stm32l432xx_Vectors.o
  I2C1_EV_IRQHandler                         2  Code  Wk  stm32l432xx_Vectors.o
  I2C3_ER_IRQHandler                         2  Code  Wk  stm32l432xx_Vectors.o
  I2C3_EV_IRQHandler                         2  Code  Wk  stm32l432xx_Vectors.o
  LPTIM1_IRQHandler                          2  Code  Wk  stm32l432xx_Vectors.o
  LPTIM2_IRQHandler                          2  Code  Wk  stm32l432xx_Vectors.o
  LPUART1_IRQHandler                         2  Code  Wk  stm32l432xx_Vectors.o
  MemManage_Handler                          2  Code  Wk  stm32l432xx_Vectors.o
  NMI_Handler                                2  Code  Wk  stm32l432xx_Vectors.o
  PVD_PVM_IRQHandler                         2  Code  Wk  stm32l432xx_Vectors.o
  PendSV_Handler                             2  Code  Wk  stm32l432xx_Vectors.o
  QUADSPI_IRQHandler                         2  Code  Wk  stm32l432xx_Vectors.o
  RCC_IRQHandler                             2  Code  Wk  stm32l432xx_Vectors.o
  RNG_IRQHandler                             2  Code  Wk  stm32l432xx_Vectors.o
  RTC_Alarm_IRQHandler                       2  Code  Wk  stm32l432xx_Vectors.o
  RTC_WKUP_IRQHandler                        2  Code  Wk  stm32l432xx_Vectors.o
  Reset_Handler                              2  Code  Gb  STM32L4xx_Startup.o
  SAI1_IRQHandler                            2  Code  Wk  stm32l432xx_Vectors.o
  SPI1_IRQHandler                            2  Code  Wk  stm32l432xx_Vectors.o
  SPI3_IRQHandler                            2  Code  Wk  stm32l432xx_Vectors.o
  SVC_Handler                                2  Code  Wk  stm32l432xx_Vectors.o
  SWPMI1_IRQHandler                          2  Code  Wk  stm32l432xx_Vectors.o
  SysTick_Handler                            2  Code  Wk  stm32l432xx_Vectors.o
  TAMP_STAMP_IRQHandler                      2  Code  Wk  stm32l432xx_Vectors.o
  TIM1_BRK_TIM15_IRQHandler                  2  Code  Wk  stm32l432xx_Vectors.o
  TIM1_CC_IRQHandler                         2  Code  Wk  stm32l432xx_Vectors.o
  TIM1_TRG_COM_IRQHandler                    2  Code  Wk  stm32l432xx_Vectors.o
  TIM1_UP_TIM16_IRQHandler                   2  Code  Wk  stm32l432xx_Vectors.o
  TIM2_IRQHandler                            2  Code  Wk  stm32l432xx_Vectors.o
  TIM6_DAC_IRQHandler                        2  Code  Wk  stm32l432xx_Vectors.o
  TIM7_IRQHandler                            2  Code  Wk  stm32l432xx_Vectors.o
  TSC_IRQHandler                             2  Code  Wk  stm32l432xx_Vectors.o
  USART1_IRQHandler                          2  Code  Wk  stm32l432xx_Vectors.o
  USART2_IRQHandler                          2  Code  Wk  stm32l432xx_Vectors.o
  USB_IRQHandler                             2  Code  Wk  stm32l432xx_Vectors.o
  UsageFault_Handler                         2  Code  Wk  stm32l432xx_Vectors.o
  WWDG_IRQHandler                            2  Code  Wk  stm32l432xx_Vectors.o
  __SEGGER_init_done                         4  Code  Gb  SEGGER_THUMB_Startup.o
  __startup_complete                         4  Code  Gb  SEGGER_THUMB_Startup.o
  reset_handler                              2  Code  Gb  STM32L4xx_Startup.o

Read-write data symbols by name:

  Symbol name                   Address        Size  Align  Type  Bd  Object File
  -------------------------  ----------  ----------  -----  ----  --  -----------
  DT_us                      0x10000014           4      4  Init  Gb  main.o
  F_PWM_HZ                   0x10000010           4      4  Init  Gb  main.o
  F_TIM_HZ                   0x1000000C           4      4  Init  Gb  main.o
  PHASE2_DEG                 0x10000008           4      4  Init  Gb  main.o
  SystemCoreClock            0x10000004           4      4  Init  Gb  system_stm32l4xx.o
  phase_deg                  0x10000000           4      4  Init  Gb  main.o

Read-write data symbols by address:

     Address  Symbol name                      Size  Align  Type  Bd  Object File
  ----------  -------------------------  ----------  -----  ----  --  -----------
  0x10000000  phase_deg                           4      4  Init  Gb  main.o
  0x10000004  SystemCoreClock                     4      4  Init  Gb  system_stm32l4xx.o
  0x10000008  PHASE2_DEG                          4      4  Init  Gb  main.o
  0x1000000C  F_TIM_HZ                            4      4  Init  Gb  main.o
  0x10000010  F_PWM_HZ                            4      4  Init  Gb  main.o
  0x10000014  DT_us                               4      4  Init  Gb  main.o

Read-write data symbols by descending size:

  Symbol name                      Size  Align  Type  Bd  Object File
  -------------------------  ----------  -----  ----  --  -----------
  DT_us                               4      4  Init  Gb  main.o
  F_PWM_HZ                            4      4  Init  Gb  main.o
  F_TIM_HZ                            4      4  Init  Gb  main.o
  PHASE2_DEG                          4      4  Init  Gb  main.o
  SystemCoreClock                     4      4  Init  Gb  system_stm32l4xx.o
  phase_deg                           4      4  Init  Gb  main.o

Read-only data symbols by name:

  Symbol name                   Address        Size  Align  Type  Bd  Object File
  -------------------------  ----------  ----------  -----  ----  --  -----------
  AHBPrescTable              0x0800018C          16      4  Cnst  Gb  system_stm32l4xx.o
  MSIRangeTable              0x0800019C          48      4  Cnst  Gb  system_stm32l4xx.o
  __SEGGER_init_data__       0x08001108        [24]      4  Cnst  Lc  [ Linker created ]
  __SEGGER_init_table__      0x080010F0        [24]      4  Cnst  Lc  [ Linker created ]
  cnt_rst                    0x08000378           4      4  Cnst  Gb  main.o

Read-only data symbols by address:

     Address  Symbol name                      Size  Align  Type  Bd  Object File
  ----------  -------------------------  ----------  -----  ----  --  -----------
  0x0800018C  AHBPrescTable                      16      4  Cnst  Gb  system_stm32l4xx.o
  0x0800019C  MSIRangeTable                      48      4  Cnst  Gb  system_stm32l4xx.o
  0x08000378  cnt_rst                             4      4  Cnst  Gb  main.o
  0x080010F0  __SEGGER_init_table__            [24]      4  Cnst  Lc  [ Linker created ]
  0x08001108  __SEGGER_init_data__             [24]      4  Cnst  Lc  [ Linker created ]

Untyped symbols by name:

  Symbol name                     Value        Size  Align  Type  Bd  Object File
  -------------------------  ----------  ----------  -----  ----  --  -----------
  __FLASH1_segment_end__     0x08040000                     ----  Gb  [ Linker created ]
  __FLASH1_segment_size__    0x00040000                     ----  Gb  [ Linker created ]
  __FLASH1_segment_start__   0x08000000                     ----  Gb  [ Linker created ]
  __FLASH1_segment_used_end__
                             0x08001134                     ----  Gb  [ Linker created ]
  __FLASH1_segment_used_size__
                             0x00001134                     ----  Gb  [ Linker created ]
  __FLASH1_segment_used_start__
                             0x08000000                     ----  Gb  [ Linker created ]
  __FLASH_segment_end__      0x08040000                     ----  Gb  [ Linker created ]
  __FLASH_segment_size__     0x00040000                     ----  Gb  [ Linker created ]
  __FLASH_segment_start__    0x08000000                     ----  Gb  [ Linker created ]
  __FLASH_segment_used_end__
                             0x08001134                     ----  Gb  [ Linker created ]
  __FLASH_segment_used_size__
                             0x00001134                     ----  Gb  [ Linker created ]
  __FLASH_segment_used_start__
                             0x08000000                     ----  Gb  [ Linker created ]
  __HEAPSIZE__               0x00000000                     ----  Gb  [ Linker created ]
  __RAM1_segment_end__       0x10004000                     ----  Gb  [ Linker created ]
  __RAM1_segment_size__      0x00004000                     ----  Gb  [ Linker created ]
  __RAM1_segment_start__     0x10000000                     ----  Gb  [ Linker created ]
  __RAM1_segment_used_end__  0x10000018                     ----  Gb  [ Linker created ]
  __RAM1_segment_used_size__
                             0x00000018                     ----  Gb  [ Linker created ]
  __RAM1_segment_used_start__
                             0x10000000                     ----  Gb  [ Linker created ]
  __RAM2_segment_end__       0x2000C000                     ----  Gb  [ Linker created ]
  __RAM2_segment_size__      0x0000C000                     ----  Gb  [ Linker created ]
  __RAM2_segment_start__     0x20000000                     ----  Gb  [ Linker created ]
  __RAM2_segment_used_end__  0x2000C000                     ----  Gb  [ Linker created ]
  __RAM2_segment_used_size__
                             0x00000800                     ----  Gb  [ Linker created ]
  __RAM2_segment_used_start__
                             0x2000B800                     ----  Gb  [ Linker created ]
  __RAM_segment_end__        0x2000C000                     ----  Gb  [ Linker created ]
  __RAM_segment_size__       0x1000C000                     ----  Gb  [ Linker created ]
  __RAM_segment_start__      0x10000000                     ----  Gb  [ Linker created ]
  __RAM_segment_used_end__   0x2000C000                     ----  Gb  [ Linker created ]
  __RAM_segment_used_size__  0x1000C000                     ----  Gb  [ Linker created ]
  __RAM_segment_used_start__
                             0x10000000                     ----  Gb  [ Linker created ]
  __STACKSIZE_PROCESS__      0x00000000                     ----  Gb  [ Linker created ]
  __STACKSIZE__              0x00000800                     ----  Gb  [ Linker created ]
  __ctors_end__              0x080010CC                     ----  Gb  [ Linker created ]
  __ctors_start__            0x080010C8                     ----  Gb  [ Linker created ]
  __stack_end__              0x2000C000                     ----  Gb  [ Linker created ]
  __thread_pointer$          0x00000000                     ----  Gb  [ Linker created ]
  _vectors                   0x08000000       [396]    512  Code  Gb  stm32l432xx_Vectors.o
  _vectors_end               0x0800018C                512  Code  Lc  stm32l432xx_Vectors.o

Untyped symbols by address:

       Value  Symbol name                      Size  Align  Type  Bd  Object File
  ----------  -------------------------  ----------  -----  ----  --  -----------
  0x00000000  __thread_pointer$                             ----  Gb  [ Linker created ]
  0x00000000  __STACKSIZE_PROCESS__                         ----  Gb  [ Linker created ]
  0x00000000  __HEAPSIZE__                                  ----  Gb  [ Linker created ]
  0x00000018  __RAM1_segment_used_size__
                                                            ----  Gb  [ Linker created ]
  0x00000800  __STACKSIZE__                                 ----  Gb  [ Linker created ]
  0x00000800  __RAM2_segment_used_size__
                                                            ----  Gb  [ Linker created ]
  0x00001134  __FLASH_segment_used_size__
                                                            ----  Gb  [ Linker created ]
  0x00001134  __FLASH1_segment_used_size__
                                                            ----  Gb  [ Linker created ]
  0x00004000  __RAM1_segment_size__                         ----  Gb  [ Linker created ]
  0x0000C000  __RAM2_segment_size__                         ----  Gb  [ Linker created ]
  0x00040000  __FLASH_segment_size__                        ----  Gb  [ Linker created ]
  0x00040000  __FLASH1_segment_size__                       ----  Gb  [ Linker created ]
  0x08000000  _vectors                        [396]    512  Code  Gb  stm32l432xx_Vectors.o
  0x08000000  __FLASH_segment_used_start__
                                                            ----  Gb  [ Linker created ]
  0x08000000  __FLASH_segment_start__                       ----  Gb  [ Linker created ]
  0x08000000  __FLASH1_segment_used_start__
                                                            ----  Gb  [ Linker created ]
  0x08000000  __FLASH1_segment_start__                      ----  Gb  [ Linker created ]
  0x0800018C  _vectors_end                             512  Code  Lc  stm32l432xx_Vectors.o
  0x080010C8  __ctors_start__                               ----  Gb  [ Linker created ]
  0x080010CC  __ctors_end__                                 ----  Gb  [ Linker created ]
  0x08001134  __FLASH_segment_used_end__
                                                            ----  Gb  [ Linker created ]
  0x08001134  __FLASH1_segment_used_end__
                                                            ----  Gb  [ Linker created ]
  0x08040000  __FLASH_segment_end__                         ----  Gb  [ Linker created ]
  0x08040000  __FLASH1_segment_end__                        ----  Gb  [ Linker created ]
  0x10000000  __RAM_segment_used_start__
                                                            ----  Gb  [ Linker created ]
  0x10000000  __RAM_segment_start__                         ----  Gb  [ Linker created ]
  0x10000000  __RAM1_segment_used_start__
                                                            ----  Gb  [ Linker created ]
  0x10000000  __RAM1_segment_start__                        ----  Gb  [ Linker created ]
  0x10000018  __RAM1_segment_used_end__                     ----  Gb  [ Linker created ]
  0x10004000  __RAM1_segment_end__                          ----  Gb  [ Linker created ]
  0x1000C000  __RAM_segment_used_size__                     ----  Gb  [ Linker created ]
  0x1000C000  __RAM_segment_size__                          ----  Gb  [ Linker created ]
  0x20000000  __RAM2_segment_start__                        ----  Gb  [ Linker created ]
  0x2000B800  __RAM2_segment_used_start__
                                                            ----  Gb  [ Linker created ]
  0x2000C000  __stack_end__                                 ----  Gb  [ Linker created ]
  0x2000C000  __RAM_segment_used_end__                      ----  Gb  [ Linker created ]
  0x2000C000  __RAM_segment_end__                           ----  Gb  [ Linker created ]
  0x2000C000  __RAM2_segment_used_end__                     ----  Gb  [ Linker created ]
  0x2000C000  __RAM2_segment_end__                          ----  Gb  [ Linker created ]


***********************************************************************************************
***                                                                                         ***
***                                      LINK SUMMARY                                       ***
***                                                                                         ***
***********************************************************************************************

Memory breakdown:

    4 282 bytes read-only  code    + 
      116 bytes read-only  data    =   4 398 bytes read-only (total)
    2 072 bytes read-write data

Region summary:

  Name        Range                     Size                 Used               Unused       Alignment Loss
  ----------  -----------------  -----------  -------------------  -------------------  -------------------
  FLASH       08000000-0803ffff      262 144        4 402   1.68%      257 742  98.32%            0   0.00%
  RAM1        10000000-10003fff       16 384           24   0.15%       16 360  99.85%            0   0.00%
  RAM2        20000000-2000bfff       49 152        2 048   4.17%       47 104  95.83%            0   0.00%

Link complete: 0 errors, 0 warnings, 0 remarks
